// Jest Snapshot v1, https://goo.gl/fbAQLP

exports[`Instructions Modal screen tests renders Instructions screen correctly 1`] = `
<View
  style={
    Object {
      "backgroundColor": "#414042",
      "borderColor": "#000",
      "borderRadius": 20,
      "height": "165%",
      "overflow": "hidden",
      "transform": Array [
        Object {
          "rotate": "-90deg",
        },
      ],
      "width": "45%",
    }
  }
>
  <View
    style={
      Object {
        "alignItems": "center",
        "backgroundColor": "#0005",
        "borderBottomColor": "#000",
        "borderEndColor": "#000",
        "borderStartColor": "#bcbec0",
        "borderTopColor": "#bcbec0",
        "borderTopEndRadius": 20,
        "borderTopStartRadius": 20,
        "borderWidth": 2,
        "flex": 0.06,
        "flexDirection": "row",
        "padding": 4,
      }
    }
  >
    <Text
      style={
        Array [
          Object {
            "color": "#fff",
            "fontFamily": "Avenir",
            "fontSize": 16,
            "width": "100%",
          },
          Object {
            "fontFamily": "default",
            "fontSize": 40,
            "textAlign": "center",
          },
        ]
      }
    >
      How to use this app:
    </Text>
  </View>
  <View
    style={
      Object {
        "flex": 0.83,
        "padding": 10,
      }
    }
  >
    <View
      style={
        Object {
          "flex": 1,
        }
      }
    >
      <View
        style={
          Object {
            "flex": 0.85,
          }
        }
      >
        <View
          style={
            Object {
              "flexDirection": "row",
            }
          }
        >
          <View
            style={
              Object {
                "marginEnd": 6,
              }
            }
          >
            <Text
              style={
                Array [
                  Object {
                    "color": "#fff",
                    "fontFamily": "Avenir",
                    "fontSize": 16,
                    "width": "100%",
                  },
                  undefined,
                ]
              }
            >
              1.
            </Text>
          </View>
          <View
            style={
              Object {
                "flex": 1,
                "flexWrap": "wrap",
              }
            }
          >
            <Text
              style={
                Array [
                  Object {
                    "color": "#fff",
                    "fontFamily": "Avenir",
                    "fontSize": 16,
                    "width": "100%",
                  },
                  undefined,
                ]
              }
            >
              Set down your phone on the play area in front of you as shown.
            </Text>
          </View>
        </View>
        <View
          style={
            Object {
              "height": "60%",
              "justifyContent": "flex-start",
              "padding": 10,
            }
          }
        >
          <SvgMock />
        </View>
      </View>
      <View
        style={
          Object {
            "alignItems": "center",
            "flex": 0.15,
            "flexDirection": "row",
          }
        }
      >
        <View
          style={
            Object {
              "height": "80%",
              "width": "25%",
            }
          }
        >
          <SvgMock
            style={
              Object {
                "opacity": 0.5,
              }
            }
          />
        </View>
        <View
          style={
            Object {
              "width": "50%",
            }
          }
        >
          <Text
            style={
              Array [
                Object {
                  "color": "#fff",
                  "fontFamily": "Avenir",
                  "fontSize": 16,
                  "width": "100%",
                },
                Object {
                  "fontSize": 24,
                  "fontWeight": "bold",
                  "textAlign": "center",
                },
              ]
            }
          >
            1/3
          </Text>
        </View>
        <View
          style={
            Object {
              "height": "80%",
              "width": "25%",
            }
          }
        >
          <View
            accessible={true}
            focusable={true}
            onClick={[Function]}
            onResponderGrant={[Function]}
            onResponderMove={[Function]}
            onResponderRelease={[Function]}
            onResponderTerminate={[Function]}
            onResponderTerminationRequest={[Function]}
            onStartShouldSetResponder={[Function]}
            style={
              Object {
                "height": "100%",
                "opacity": 1,
                "width": "100%",
              }
            }
          >
            <SvgMock />
          </View>
        </View>
      </View>
    </View>
  </View>
  <View
    style={
      Object {
        "alignItems": "center",
        "flex": 0.11,
        "flexDirection": "row",
        "justifyContent": "flex-end",
      }
    }
  >
    <View
      style={
        Object {
          "height": "60%",
          "width": "50%",
        }
      }
    >
      <SvgMock
        accessible={true}
        focusable={false}
        onClick={[Function]}
        onResponderGrant={[Function]}
        onResponderMove={[Function]}
        onResponderRelease={[Function]}
        onResponderTerminate={[Function]}
        onResponderTerminationRequest={[Function]}
        onStartShouldSetResponder={[Function]}
      />
    </View>
  </View>
</View>
`;
