// Jest Snapshot v1, https://goo.gl/fbAQLP

exports[`App tests renders App correctly 1`] = `null`;
